Archive member included because of file (symbol)

c:/program files (x86)/atmel/avr tools/avr toolchain/bin/../lib/gcc/avr/4.7.2/avr5\libgcc.a(_exit.o)
                              c:/program files (x86)/atmel/avr tools/avr toolchain/bin/../lib/gcc/avr/4.7.2/../../../../avr/lib/avr5/crtm168.o (exit)
c:/program files (x86)/atmel/avr tools/avr toolchain/bin/../lib/gcc/avr/4.7.2/avr5\libgcc.a(_copy_data.o)
                              main.o (__do_copy_data)
c:/program files (x86)/atmel/avr tools/avr toolchain/bin/../lib/gcc/avr/4.7.2/avr5\libgcc.a(_clear_bss.o)
                              main.o (__do_clear_bss)
c:/program files (x86)/atmel/avr tools/avr toolchain/bin/../lib/gcc/avr/4.7.2/../../../../avr/lib/avr5\libc.a(eerd_byte_atmega168.o)
                              main.o (__eerd_byte_m168)
c:/program files (x86)/atmel/avr tools/avr toolchain/bin/../lib/gcc/avr/4.7.2/../../../../avr/lib/avr5\libc.a(eewr_byte_atmega168.o)
                              main.o (__eewr_byte_m168)

Allocating common symbols
Common symbol       size              file

usbTxBuf            0xb               main.o
usbDeviceAddr       0x1               main.o
usbRxToken          0x1               main.o
usbInputBufOffset   0x1               main.o
usbMsgPtr           0x2               main.o
usbRxLen            0x1               main.o
usbNewDeviceAddr    0x1               main.o
usbCurrentTok       0x1               main.o
usbConfiguration    0x1               main.o
usbRxBuf            0x16              main.o

Discarded input sections

 .bss           0x00000000        0x0 c:/program files (x86)/atmel/avr tools/avr toolchain/bin/../lib/gcc/avr/4.7.2/../../../../avr/lib/avr5/crtm168.o
 .bss           0x00000000        0x0 usbdrv/usbdrvasm.o
 .group         0x00000000        0x8 usbdrv/oddebug.o
 .group         0x00000000        0x8 usbdrv/oddebug.o
 .group         0x00000000        0x8 usbdrv/oddebug.o
 .group         0x00000000        0x8 usbdrv/oddebug.o
 .group         0x00000000        0x8 usbdrv/oddebug.o
 .group         0x00000000        0x8 usbdrv/oddebug.o
 .group         0x00000000        0x8 usbdrv/oddebug.o
 .group         0x00000000        0x8 usbdrv/oddebug.o
 .group         0x00000000        0x8 usbdrv/oddebug.o
 .group         0x00000000        0x8 usbdrv/oddebug.o
 .group         0x00000000        0x8 usbdrv/oddebug.o
 .group         0x00000000        0x8 usbdrv/oddebug.o
 .group         0x00000000        0x8 usbdrv/oddebug.o
 .group         0x00000000        0x8 usbdrv/oddebug.o
 .group         0x00000000        0x8 usbdrv/oddebug.o
 .group         0x00000000        0x8 usbdrv/oddebug.o
 .group         0x00000000        0x8 usbdrv/oddebug.o
 .group         0x00000000        0x8 usbdrv/oddebug.o
 .group         0x00000000        0x8 usbdrv/oddebug.o
 .group         0x00000000        0x8 usbdrv/oddebug.o
 .text          0x00000000        0x0 usbdrv/oddebug.o
 .bss           0x00000000        0x0 usbdrv/oddebug.o
 .noinit        0x00000000        0x2 usbdrv/oddebug.o
 .group         0x00000000        0x8 main.o
 .group         0x00000000        0x8 main.o
 .group         0x00000000        0x8 main.o
 .group         0x00000000        0x8 main.o
 .group         0x00000000        0x8 main.o
 .group         0x00000000        0x8 main.o
 .group         0x00000000        0x8 main.o
 .group         0x00000000        0x8 main.o
 .group         0x00000000        0x8 main.o
 .group         0x00000000        0x8 main.o
 .group         0x00000000        0x8 main.o
 .group         0x00000000        0x8 main.o
 .group         0x00000000        0x8 main.o
 .group         0x00000000        0x8 main.o
 .group         0x00000000        0x8 main.o
 .group         0x00000000        0x8 main.o
 .group         0x00000000        0x8 main.o
 .group         0x00000000        0x8 main.o
 .group         0x00000000        0x8 main.o
 .group         0x00000000        0x8 main.o
 .group         0x00000000        0x8 main.o
 .group         0x00000000        0x8 main.o
 .group         0x00000000        0x8 main.o
 .group         0x00000000        0x8 main.o
 .group         0x00000000        0x8 main.o
 .group         0x00000000        0x8 main.o
 .group         0x00000000        0x8 main.o
 .group         0x00000000        0x8 main.o
 .group         0x00000000        0x8 main.o
 .group         0x00000000        0x8 main.o
 .group         0x00000000        0x8 main.o
 .group         0x00000000        0x8 main.o
 .group         0x00000000        0x8 main.o
 .group         0x00000000        0x8 main.o
 .debug_macro   0x00000000      0x5d4 main.o
 .debug_macro   0x00000000       0x10 main.o
 .debug_macro   0x00000000      0x1ad main.o
 .debug_macro   0x00000000      0x293 main.o
 .debug_macro   0x00000000       0x9e main.o
 .debug_macro   0x00000000      0xd4b main.o
 .debug_macro   0x00000000       0xdc main.o
 .debug_macro   0x00000000      0x139 main.o
 .debug_macro   0x00000000       0xbd main.o
 .debug_macro   0x00000000       0x34 main.o
 .debug_macro   0x00000000       0x18 main.o
 .debug_macro   0x00000000       0x6c main.o
 .debug_macro   0x00000000       0xe0 main.o
 .debug_macro   0x00000000       0x22 main.o
 .debug_macro   0x00000000       0x10 main.o
 .debug_macro   0x00000000       0x89 main.o
 .debug_macro   0x00000000       0xe0 main.o
 .debug_macro   0x00000000      0x11c main.o
 .debug_macro   0x00000000       0x27 main.o
 .text          0x00000000        0x0 c:/program files (x86)/atmel/avr tools/avr toolchain/bin/../lib/gcc/avr/4.7.2/avr5\libgcc.a(_exit.o)
 .bss           0x00000000        0x0 c:/program files (x86)/atmel/avr tools/avr toolchain/bin/../lib/gcc/avr/4.7.2/avr5\libgcc.a(_exit.o)
 .text.libgcc.mul
                0x00000000        0x0 c:/program files (x86)/atmel/avr tools/avr toolchain/bin/../lib/gcc/avr/4.7.2/avr5\libgcc.a(_exit.o)
 .text.libgcc.div
                0x00000000        0x0 c:/program files (x86)/atmel/avr tools/avr toolchain/bin/../lib/gcc/avr/4.7.2/avr5\libgcc.a(_exit.o)
 .text.libgcc   0x00000000        0x0 c:/program files (x86)/atmel/avr tools/avr toolchain/bin/../lib/gcc/avr/4.7.2/avr5\libgcc.a(_exit.o)
 .text.libgcc.prologue
                0x00000000        0x0 c:/program files (x86)/atmel/avr tools/avr toolchain/bin/../lib/gcc/avr/4.7.2/avr5\libgcc.a(_exit.o)
 .text.libgcc.builtins
                0x00000000        0x0 c:/program files (x86)/atmel/avr tools/avr toolchain/bin/../lib/gcc/avr/4.7.2/avr5\libgcc.a(_exit.o)
 .text.libgcc.fmul
                0x00000000        0x0 c:/program files (x86)/atmel/avr tools/avr toolchain/bin/../lib/gcc/avr/4.7.2/avr5\libgcc.a(_exit.o)
 .text          0x00000000        0x0 c:/program files (x86)/atmel/avr tools/avr toolchain/bin/../lib/gcc/avr/4.7.2/avr5\libgcc.a(_copy_data.o)
 .bss           0x00000000        0x0 c:/program files (x86)/atmel/avr tools/avr toolchain/bin/../lib/gcc/avr/4.7.2/avr5\libgcc.a(_copy_data.o)
 .text.libgcc.mul
                0x00000000        0x0 c:/program files (x86)/atmel/avr tools/avr toolchain/bin/../lib/gcc/avr/4.7.2/avr5\libgcc.a(_copy_data.o)
 .text.libgcc.div
                0x00000000        0x0 c:/program files (x86)/atmel/avr tools/avr toolchain/bin/../lib/gcc/avr/4.7.2/avr5\libgcc.a(_copy_data.o)
 .text.libgcc   0x00000000        0x0 c:/program files (x86)/atmel/avr tools/avr toolchain/bin/../lib/gcc/avr/4.7.2/avr5\libgcc.a(_copy_data.o)
 .text.libgcc.prologue
                0x00000000        0x0 c:/program files (x86)/atmel/avr tools/avr toolchain/bin/../lib/gcc/avr/4.7.2/avr5\libgcc.a(_copy_data.o)
 .text.libgcc.builtins
                0x00000000        0x0 c:/program files (x86)/atmel/avr tools/avr toolchain/bin/../lib/gcc/avr/4.7.2/avr5\libgcc.a(_copy_data.o)
 .text.libgcc.fmul
                0x00000000        0x0 c:/program files (x86)/atmel/avr tools/avr toolchain/bin/../lib/gcc/avr/4.7.2/avr5\libgcc.a(_copy_data.o)
 .text          0x00000000        0x0 c:/program files (x86)/atmel/avr tools/avr toolchain/bin/../lib/gcc/avr/4.7.2/avr5\libgcc.a(_clear_bss.o)
 .bss           0x00000000        0x0 c:/program files (x86)/atmel/avr tools/avr toolchain/bin/../lib/gcc/avr/4.7.2/avr5\libgcc.a(_clear_bss.o)
 .text.libgcc.mul
                0x00000000        0x0 c:/program files (x86)/atmel/avr tools/avr toolchain/bin/../lib/gcc/avr/4.7.2/avr5\libgcc.a(_clear_bss.o)
 .text.libgcc.div
                0x00000000        0x0 c:/program files (x86)/atmel/avr tools/avr toolchain/bin/../lib/gcc/avr/4.7.2/avr5\libgcc.a(_clear_bss.o)
 .text.libgcc   0x00000000        0x0 c:/program files (x86)/atmel/avr tools/avr toolchain/bin/../lib/gcc/avr/4.7.2/avr5\libgcc.a(_clear_bss.o)
 .text.libgcc.prologue
                0x00000000        0x0 c:/program files (x86)/atmel/avr tools/avr toolchain/bin/../lib/gcc/avr/4.7.2/avr5\libgcc.a(_clear_bss.o)
 .text.libgcc.builtins
                0x00000000        0x0 c:/program files (x86)/atmel/avr tools/avr toolchain/bin/../lib/gcc/avr/4.7.2/avr5\libgcc.a(_clear_bss.o)
 .text.libgcc.fmul
                0x00000000        0x0 c:/program files (x86)/atmel/avr tools/avr toolchain/bin/../lib/gcc/avr/4.7.2/avr5\libgcc.a(_clear_bss.o)
 .text          0x00000000        0x0 c:/program files (x86)/atmel/avr tools/avr toolchain/bin/../lib/gcc/avr/4.7.2/../../../../avr/lib/avr5\libc.a(eerd_byte_atmega168.o)
 .bss           0x00000000        0x0 c:/program files (x86)/atmel/avr tools/avr toolchain/bin/../lib/gcc/avr/4.7.2/../../../../avr/lib/avr5\libc.a(eerd_byte_atmega168.o)
 .text          0x00000000        0x0 c:/program files (x86)/atmel/avr tools/avr toolchain/bin/../lib/gcc/avr/4.7.2/../../../../avr/lib/avr5\libc.a(eewr_byte_atmega168.o)
 .bss           0x00000000        0x0 c:/program files (x86)/atmel/avr tools/avr toolchain/bin/../lib/gcc/avr/4.7.2/../../../../avr/lib/avr5\libc.a(eewr_byte_atmega168.o)

Memory Configuration

Name             Origin             Length             Attributes
text             0x00000000         0x00020000         xr
data             0x00800060         0x0000ffa0         rw !x
eeprom           0x00810000         0x00010000         rw !x
fuse             0x00820000         0x00000400         rw !x
lock             0x00830000         0x00000400         rw !x
signature        0x00840000         0x00000400         rw !x
user_signatures  0x00850000         0x00000400         rw !x
*default*        0x00000000         0xffffffff

Linker script and memory map

Address of section .data set to 0x800100
LOAD c:/program files (x86)/atmel/avr tools/avr toolchain/bin/../lib/gcc/avr/4.7.2/../../../../avr/lib/avr5/crtm168.o
LOAD usbdrv/usbdrvasm.o
LOAD usbdrv/oddebug.o
LOAD main.o
Address of section .text set to 0x3800
                0x00000000                nullVector = 0x0
LOAD c:/program files (x86)/atmel/avr tools/avr toolchain/bin/../lib/gcc/avr/4.7.2/avr5\libgcc.a
LOAD c:/program files (x86)/atmel/avr tools/avr toolchain/bin/../lib/gcc/avr/4.7.2/../../../../avr/lib/avr5\libc.a
LOAD c:/program files (x86)/atmel/avr tools/avr toolchain/bin/../lib/gcc/avr/4.7.2/avr5\libgcc.a

.hash
 *(.hash)

.dynsym
 *(.dynsym)

.dynstr
 *(.dynstr)

.gnu.version
 *(.gnu.version)

.gnu.version_d
 *(.gnu.version_d)

.gnu.version_r
 *(.gnu.version_r)

.rel.init
 *(.rel.init)

.rela.init
 *(.rela.init)

.rel.text
 *(.rel.text)
 *(.rel.text.*)
 *(.rel.gnu.linkonce.t*)

.rela.text
 *(.rela.text)
 *(.rela.text.*)
 *(.rela.gnu.linkonce.t*)

.rel.fini
 *(.rel.fini)

.rela.fini
 *(.rela.fini)

.rel.rodata
 *(.rel.rodata)
 *(.rel.rodata.*)
 *(.rel.gnu.linkonce.r*)

.rela.rodata
 *(.rela.rodata)
 *(.rela.rodata.*)
 *(.rela.gnu.linkonce.r*)

.rel.data
 *(.rel.data)
 *(.rel.data.*)
 *(.rel.gnu.linkonce.d*)

.rela.data
 *(.rela.data)
 *(.rela.data.*)
 *(.rela.gnu.linkonce.d*)

.rel.ctors
 *(.rel.ctors)

.rela.ctors
 *(.rela.ctors)

.rel.dtors
 *(.rel.dtors)

.rela.dtors
 *(.rela.dtors)

.rel.got
 *(.rel.got)

.rela.got
 *(.rela.got)

.rel.bss
 *(.rel.bss)

.rela.bss
 *(.rela.bss)

.rel.plt
 *(.rel.plt)

.rela.plt
 *(.rela.plt)

.text           0x00003800      0x7ea
 *(.vectors)
 .vectors       0x00003800       0x68 c:/program files (x86)/atmel/avr tools/avr toolchain/bin/../lib/gcc/avr/4.7.2/../../../../avr/lib/avr5/crtm168.o
                0x00003800                __vector_default
                0x00003800                __vectors
 .vectors       0x00003868       0x1e main.o
                0x00003868                bootloader__do_spm
 *(.vectors)
 *(.progmem.gcc*)
 *(.progmem*)
 .progmem.data  0x00003886       0x52 main.o
                0x00003886                usbDescriptorConfiguration
                0x00003898                usbDescriptorDevice
                0x000038aa                usbDescriptorStringDevice
                0x000038b8                usbDescriptorStringVendor
                0x000038d4                usbDescriptorString0
                0x000038d8                . = ALIGN (0x2)
                0x000038d8                __trampolines_start = .
 *(.trampolines)
 .trampolines   0x000038d8        0x0 linker stubs
 *(.trampolines*)
                0x000038d8                __trampolines_end = .
 *(.jumptables)
 *(.jumptables*)
 *(.lowtext)
 *(.lowtext*)
                0x000038d8                __ctors_start = .
 *(.ctors)
                0x000038d8                __ctors_end = .
                0x000038d8                __dtors_start = .
 *(.dtors)
                0x000038d8                __dtors_end = .
 SORT(*)(.ctors)
 SORT(*)(.dtors)
 *(.init0)
 .init0         0x000038d8        0x0 c:/program files (x86)/atmel/avr tools/avr toolchain/bin/../lib/gcc/avr/4.7.2/../../../../avr/lib/avr5/crtm168.o
                0x000038d8                __init
 *(.init0)
 *(.init1)
 *(.init1)
 *(.init2)
 .init2         0x000038d8        0xc c:/program files (x86)/atmel/avr tools/avr toolchain/bin/../lib/gcc/avr/4.7.2/../../../../avr/lib/avr5/crtm168.o
 *(.init2)
 *(.init3)
 .init3         0x000038e4       0x18 main.o
                0x000038e4                __BOOTLOADERENTRY_FROMSOFTWARE__bootup_investigate_RAMEND
 *(.init3)
 *(.init4)
 .init4         0x000038fc       0x16 c:/program files (x86)/atmel/avr tools/avr toolchain/bin/../lib/gcc/avr/4.7.2/avr5\libgcc.a(_copy_data.o)
                0x000038fc                __do_copy_data
 .init4         0x00003912       0x10 c:/program files (x86)/atmel/avr tools/avr toolchain/bin/../lib/gcc/avr/4.7.2/avr5\libgcc.a(_clear_bss.o)
                0x00003912                __do_clear_bss
 *(.init4)
 *(.init5)
 *(.init5)
 *(.init6)
 *(.init6)
 *(.init7)
 *(.init7)
 *(.init8)
 *(.init8)
 *(.init9)
 .init9         0x00003922        0x4 c:/program files (x86)/atmel/avr tools/avr toolchain/bin/../lib/gcc/avr/4.7.2/../../../../avr/lib/avr5/crtm168.o
 *(.init9)
 *(.text)
 .text          0x00003926        0x2 c:/program files (x86)/atmel/avr tools/avr toolchain/bin/../lib/gcc/avr/4.7.2/../../../../avr/lib/avr5/crtm168.o
                0x00003926                __vector_22
                0x00003926                __vector_24
                0x00003926                __vector_12
                0x00003926                __bad_interrupt
                0x00003926                __vector_6
                0x00003926                __vector_3
                0x00003926                __vector_23
                0x00003926                __vector_25
                0x00003926                __vector_11
                0x00003926                __vector_13
                0x00003926                __vector_17
                0x00003926                __vector_19
                0x00003926                __vector_7
                0x00003926                __vector_5
                0x00003926                __vector_4
                0x00003926                __vector_9
                0x00003926                __vector_2
                0x00003926                __vector_21
                0x00003926                __vector_15
                0x00003926                __vector_8
                0x00003926                __vector_14
                0x00003926                __vector_10
                0x00003926                __vector_16
                0x00003926                __vector_18
                0x00003926                __vector_20
 .text          0x00003928      0x28c usbdrv/usbdrvasm.o
                0x00003928                usbCrc16
                0x00003952                usbCrc16Append
                0x0000395a                __vector_1
 .text          0x00003bb4       0x3c main.o
                0x00003bbc                usbFunctionSetup_USBASP_FUNC_TRANSMIT
                0x00003bf0                . = ALIGN (0x2)
 *(.text.*)
 .text.startup  0x00003bf0      0x3ca main.o
                0x00003bf0                main
 .text.avr-libc
                0x00003fba       0x10 c:/program files (x86)/atmel/avr tools/avr toolchain/bin/../lib/gcc/avr/4.7.2/../../../../avr/lib/avr5\libc.a(eerd_byte_atmega168.o)
                0x00003fba                __eerd_byte_m168
 .text.avr-libc
                0x00003fca       0x1c c:/program files (x86)/atmel/avr tools/avr toolchain/bin/../lib/gcc/avr/4.7.2/../../../../avr/lib/avr5\libc.a(eewr_byte_atmega168.o)
                0x00003fca                __eewr_byte_m168
                0x00003fcc                __eewr_r18_m168
                0x00003fe6                . = ALIGN (0x2)
 *(.fini9)
 .fini9         0x00003fe6        0x0 c:/program files (x86)/atmel/avr tools/avr toolchain/bin/../lib/gcc/avr/4.7.2/avr5\libgcc.a(_exit.o)
                0x00003fe6                _exit
                0x00003fe6                exit
 *(.fini9)
 *(.fini8)
 *(.fini8)
 *(.fini7)
 *(.fini7)
 *(.fini6)
 *(.fini6)
 *(.fini5)
 *(.fini5)
 *(.fini4)
 *(.fini4)
 *(.fini3)
 *(.fini3)
 *(.fini2)
 *(.fini2)
 *(.fini1)
 *(.fini1)
 *(.fini0)
 .fini0         0x00003fe6        0x4 c:/program files (x86)/atmel/avr tools/avr toolchain/bin/../lib/gcc/avr/4.7.2/avr5\libgcc.a(_exit.o)
 *(.fini0)
                0x00003fea                _etext = .

.data           0x00800100        0x6 load address 0x00003fea
                0x00800100                PROVIDE (__data_start, .)
 *(.data)
 .data          0x00800100        0x0 c:/program files (x86)/atmel/avr tools/avr toolchain/bin/../lib/gcc/avr/4.7.2/../../../../avr/lib/avr5/crtm168.o
 .data          0x00800100        0x0 usbdrv/usbdrvasm.o
 .data          0x00800100        0x0 usbdrv/oddebug.o
 .data          0x00800100        0x2 main.o
                0x00800100                usbTxLen
 .data          0x00800102        0x0 c:/program files (x86)/atmel/avr tools/avr toolchain/bin/../lib/gcc/avr/4.7.2/avr5\libgcc.a(_exit.o)
 .data          0x00800102        0x0 c:/program files (x86)/atmel/avr tools/avr toolchain/bin/../lib/gcc/avr/4.7.2/avr5\libgcc.a(_copy_data.o)
 .data          0x00800102        0x0 c:/program files (x86)/atmel/avr tools/avr toolchain/bin/../lib/gcc/avr/4.7.2/avr5\libgcc.a(_clear_bss.o)
 .data          0x00800102        0x0 c:/program files (x86)/atmel/avr tools/avr toolchain/bin/../lib/gcc/avr/4.7.2/../../../../avr/lib/avr5\libc.a(eerd_byte_atmega168.o)
 .data          0x00800102        0x0 c:/program files (x86)/atmel/avr tools/avr toolchain/bin/../lib/gcc/avr/4.7.2/../../../../avr/lib/avr5\libc.a(eewr_byte_atmega168.o)
 *(.data*)
 *(.rodata)
 .rodata        0x00800102        0x4 main.o
 *(.rodata*)
 *(.gnu.linkonce.d*)
                0x00800106                . = ALIGN (0x2)
                0x00800106                _edata = .
                0x00800106                PROVIDE (__data_end, .)

.bss            0x00800106       0x36
                0x00800106                PROVIDE (__bss_start, .)
 *(.bss)
 .bss           0x00800106        0xc main.o
 *(.bss*)
 *(COMMON)
 COMMON         0x00800112       0x2a main.o
                0x00800112                usbTxBuf
                0x0080011d                usbDeviceAddr
                0x0080011e                usbRxToken
                0x0080011f                usbInputBufOffset
                0x00800120                usbMsgPtr
                0x00800122                usbRxLen
                0x00800123                usbNewDeviceAddr
                0x00800124                usbCurrentTok
                0x00800125                usbConfiguration
                0x00800126                usbRxBuf
                0x0080013c                PROVIDE (__bss_end, .)
                0x00003fea                __data_load_start = LOADADDR (.data)
                0x00003ff0                __data_load_end = (__data_load_start + SIZEOF (.data))

.noinit         0x0080013c        0x2
                0x0080013c                PROVIDE (__noinit_start, .)
 *(.noinit*)
 .noinit        0x0080013c        0x2 main.o
                0x0080013e                PROVIDE (__noinit_end, .)
                0x0080013e                _end = .
                0x0080013e                PROVIDE (__heap_start, .)

.eeprom         0x00810000        0x0
 *(.eeprom*)
                0x00810000                __eeprom_end = .

.fuse
 *(.fuse)
 *(.lfuse)
 *(.hfuse)
 *(.efuse)

.lock
 *(.lock*)

.signature
 *(.signature*)

.user_signatures
 *(.user_signatures*)

.stab           0x00000000      0x840
 *(.stab)
 .stab          0x00000000      0x6cc c:/program files (x86)/atmel/avr tools/avr toolchain/bin/../lib/gcc/avr/4.7.2/../../../../avr/lib/avr5/crtm168.o
 .stab          0x000006cc       0x90 c:/program files (x86)/atmel/avr tools/avr toolchain/bin/../lib/gcc/avr/4.7.2/../../../../avr/lib/avr5\libc.a(eerd_byte_atmega168.o)
                                 0x9c (size before relaxing)
 .stab          0x0000075c       0xe4 c:/program files (x86)/atmel/avr tools/avr toolchain/bin/../lib/gcc/avr/4.7.2/../../../../avr/lib/avr5\libc.a(eewr_byte_atmega168.o)
                                 0xf0 (size before relaxing)

.stabstr        0x00000000      0x181
 *(.stabstr)
 .stabstr       0x00000000      0x181 c:/program files (x86)/atmel/avr tools/avr toolchain/bin/../lib/gcc/avr/4.7.2/../../../../avr/lib/avr5/crtm168.o

.stab.excl
 *(.stab.excl)

.stab.exclstr
 *(.stab.exclstr)

.stab.index
 *(.stab.index)

.stab.indexstr
 *(.stab.indexstr)

.comment        0x00000000       0x2f
 *(.comment)
 .comment       0x00000000       0x2f usbdrv/oddebug.o
                                 0x30 (size before relaxing)
 .comment       0x00000000       0x30 main.o

.debug
 *(.debug)

.line
 *(.line)

.debug_srcinfo
 *(.debug_srcinfo)

.debug_sfnames
 *(.debug_sfnames)

.debug_aranges  0x00000000       0x68
 *(.debug_aranges)
 .debug_aranges
                0x00000000       0x20 usbdrv/usbdrvasm.o
 .debug_aranges
                0x00000020       0x18 usbdrv/oddebug.o
 .debug_aranges
                0x00000038       0x30 main.o

.debug_pubnames
 *(.debug_pubnames)

.debug_info     0x00000000      0xdaa
 *(.debug_info)
 .debug_info    0x00000000       0x8b usbdrv/usbdrvasm.o
 .debug_info    0x0000008b       0x8e usbdrv/oddebug.o
 .debug_info    0x00000119      0xc91 main.o
 *(.gnu.linkonce.wi.*)

.debug_abbrev   0x00000000      0x396
 *(.debug_abbrev)
 .debug_abbrev  0x00000000       0x14 usbdrv/usbdrvasm.o
 .debug_abbrev  0x00000014       0x4c usbdrv/oddebug.o
 .debug_abbrev  0x00000060      0x336 main.o

.debug_line     0x00000000      0x9c0
 *(.debug_line)
 .debug_line    0x00000000      0x1af usbdrv/usbdrvasm.o
 .debug_line    0x000001af      0x289 usbdrv/oddebug.o
 .debug_line    0x00000438      0x588 main.o

.debug_frame    0x00000000       0x54
 *(.debug_frame)
 .debug_frame   0x00000000       0x54 main.o

.debug_str      0x00000000     0xb3c8
 *(.debug_str)
 .debug_str     0x00000000     0x6b0a usbdrv/oddebug.o
                               0x6bdf (size before relaxing)
 .debug_str     0x00006b0a     0x48be main.o
                               0xb5ea (size before relaxing)

.debug_loc      0x00000000      0x7f3
 *(.debug_loc)
 .debug_loc     0x00000000      0x7f3 main.o

.debug_macinfo
 *(.debug_macinfo)

.debug_pubtypes
 *(.debug_pubtypes)

.debug_ranges   0x00000000       0x50
 *(.debug_ranges)
 .debug_ranges  0x00000000       0x50 main.o

.debug_macro    0x00000000     0x2cb7
 *(.debug_macro)
 .debug_macro   0x00000000      0x108 usbdrv/oddebug.o
 .debug_macro   0x00000108      0x5d4 usbdrv/oddebug.o
 .debug_macro   0x000006dc       0x10 usbdrv/oddebug.o
 .debug_macro   0x000006ec      0x1ad usbdrv/oddebug.o
 .debug_macro   0x00000899      0x293 usbdrv/oddebug.o
 .debug_macro   0x00000b2c       0x9e usbdrv/oddebug.o
 .debug_macro   0x00000bca      0xd4b usbdrv/oddebug.o
 .debug_macro   0x00001915       0xdc usbdrv/oddebug.o
 .debug_macro   0x000019f1      0x139 usbdrv/oddebug.o
 .debug_macro   0x00001b2a       0xbd usbdrv/oddebug.o
 .debug_macro   0x00001be7       0x34 usbdrv/oddebug.o
 .debug_macro   0x00001c1b       0x18 usbdrv/oddebug.o
 .debug_macro   0x00001c33       0x6c usbdrv/oddebug.o
 .debug_macro   0x00001c9f       0xe0 usbdrv/oddebug.o
 .debug_macro   0x00001d7f       0x22 usbdrv/oddebug.o
 .debug_macro   0x00001da1      0x11c usbdrv/oddebug.o
 .debug_macro   0x00001ebd       0x10 usbdrv/oddebug.o
 .debug_macro   0x00001ecd       0x89 usbdrv/oddebug.o
 .debug_macro   0x00001f56       0xe0 usbdrv/oddebug.o
 .debug_macro   0x00002036       0x27 usbdrv/oddebug.o
 .debug_macro   0x0000205d       0x22 usbdrv/oddebug.o
 .debug_macro   0x0000207f      0x234 main.o
 .debug_macro   0x000022b3       0x33 main.o
 .debug_macro   0x000022e6       0x69 main.o
 .debug_macro   0x0000234f       0x76 main.o
 .debug_macro   0x000023c5       0x88 main.o
 .debug_macro   0x0000244d       0xf5 main.o
 .debug_macro   0x00002542       0x35 main.o
 .debug_macro   0x00002577       0xe8 main.o
 .debug_macro   0x0000265f      0x160 main.o
 .debug_macro   0x000027bf       0x10 main.o
 .debug_macro   0x000027cf      0x167 main.o
 .debug_macro   0x00002936       0x16 main.o
 .debug_macro   0x0000294c       0x35 main.o
 .debug_macro   0x00002981      0x287 main.o
 .debug_macro   0x00002c08       0x22 main.o
 .debug_macro   0x00002c2a       0x8d main.o
OUTPUT(main.elf elf32-avr)
LOAD linker stubs
